{
  "version": "1.5.0",
  "plugins_used": [
    {
      "name": "ArtifactoryDetector"
    },
    {
      "name": "AWSKeyDetector"
    },
    {
      "name": "AzureStorageKeyDetector"
    },
    {
      "name": "Base64HighEntropyString",
      "limit": 4.5
    },
    {
      "name": "BasicAuthDetector"
    },
    {
      "name": "CloudantDetector"
    },
    {
      "name": "DiscordBotTokenDetector"
    },
    {
      "name": "GitHubTokenDetector"
    },
    {
      "name": "GitLabTokenDetector"
    },
    {
      "name": "HexHighEntropyString",
      "limit": 3.0
    },
    {
      "name": "IbmCloudIamDetector"
    },
    {
      "name": "IbmCosHmacDetector"
    },
    {
      "name": "IPPublicDetector"
    },
    {
      "name": "JwtTokenDetector"
    },
    {
      "name": "KeywordDetector",
      "keyword_exclude": ""
    },
    {
      "name": "MailchimpDetector"
    },
    {
      "name": "NpmDetector"
    },
    {
      "name": "OpenAIDetector"
    },
    {
      "name": "PrivateKeyDetector"
    },
    {
      "name": "PypiTokenDetector"
    },
    {
      "name": "SendGridDetector"
    },
    {
      "name": "SlackDetector"
    },
    {
      "name": "SoftlayerDetector"
    },
    {
      "name": "SquareOAuthDetector"
    },
    {
      "name": "StripeDetector"
    },
    {
      "name": "TelegramBotTokenDetector"
    },
    {
      "name": "TwilioKeyDetector"
    }
  ],
  "filters_used": [
    {
      "path": "detect_secrets.filters.allowlist.is_line_allowlisted"
    },
    {
      "path": "detect_secrets.filters.common.is_baseline_file",
      "filename": ".secrets.baseline"
    },
    {
      "path": "detect_secrets.filters.heuristic.is_indirect_reference"
    },
    {
      "path": "detect_secrets.filters.heuristic.is_likely_id_string"
    },
    {
      "path": "detect_secrets.filters.heuristic.is_lock_file"
    },
    {
      "path": "detect_secrets.filters.heuristic.is_not_alphanumeric_string"
    },
    {
      "path": "detect_secrets.filters.heuristic.is_potential_uuid"
    },
    {
      "path": "detect_secrets.filters.heuristic.is_prefixed_with_dollar_sign"
    },
    {
      "path": "detect_secrets.filters.heuristic.is_sequential_string"
    },
    {
      "path": "detect_secrets.filters.heuristic.is_swagger_file"
    },
    {
      "path": "detect_secrets.filters.heuristic.is_templated_secret"
    }
  ],
  "results": {
    "src/actions/detonate_file.py": [
      {
        "type": "Hex High Entropy String",
        "filename": "src/actions/detonate_file.py",
        "hashed_secret": "ad8cf572c32cf82f185e91e9403f94c4ca25145e",
        "is_verified": false,
        "line_number": 34
      },
      {
        "type": "Hex High Entropy String",
        "filename": "src/actions/detonate_file.py",
        "hashed_secret": "1c4fb1084ee1cdc8d2c3b05217097ddece18f979",
        "is_verified": false,
        "line_number": 216
      },
      {
        "type": "Hex High Entropy String",
        "filename": "src/actions/detonate_file.py",
        "hashed_secret": "53265cfe176643be2d3f5029dd95f5609e3587cb",
        "is_verified": false,
        "line_number": 316
      },
      {
        "type": "Hex High Entropy String",
        "filename": "src/actions/detonate_file.py",
        "hashed_secret": "ac90d0bcae18fc54e9f2f5e1db02f71731886bc5",
        "is_verified": false,
        "line_number": 320
      }
    ],
    "src/actions/detonate_url.py": [
      {
        "type": "Hex High Entropy String",
        "filename": "src/actions/detonate_url.py",
        "hashed_secret": "82be392f2fe70b623ff87c2ec99ae03992439ac1",
        "is_verified": false,
        "line_number": 37
      },
      {
        "type": "Hex High Entropy String",
        "filename": "src/actions/detonate_url.py",
        "hashed_secret": "b0d4d0a67743b5d2c300051d22d5f5b56617c7c6",
        "is_verified": false,
        "line_number": 40
      },
      {
        "type": "Hex High Entropy String",
        "filename": "src/actions/detonate_url.py",
        "hashed_secret": "773657db0508a6248128ad4af84878de581541fc",
        "is_verified": false,
        "line_number": 45
      },
      {
        "type": "Hex High Entropy String",
        "filename": "src/actions/detonate_url.py",
        "hashed_secret": "428f8797928da92591726c975a6b21a1a8be81bc",
        "is_verified": false,
        "line_number": 97
      },
      {
        "type": "Hex High Entropy String",
        "filename": "src/actions/detonate_url.py",
        "hashed_secret": "ad143b86ab7ee56ae6085b6abd51cb25b1fb4aa2",
        "is_verified": false,
        "line_number": 292
      },
      {
        "type": "Hex High Entropy String",
        "filename": "src/actions/detonate_url.py",
        "hashed_secret": "9391bf5ab28079446aee6562f0c76861096ba98b",
        "is_verified": false,
        "line_number": 297
      },
      {
        "type": "Base64 High Entropy String",
        "filename": "src/actions/detonate_url.py",
        "hashed_secret": "1d44094c9cc9598348a7488b6f35edcaf64a0666",
        "is_verified": false,
        "line_number": 363
      }
    ],
    "src/actions/get_report.py": [
      {
        "type": "Hex High Entropy String",
        "filename": "src/actions/get_report.py",
        "hashed_secret": "ad8cf572c32cf82f185e91e9403f94c4ca25145e",
        "is_verified": false,
        "line_number": 60
      },
      {
        "type": "Hex High Entropy String",
        "filename": "src/actions/get_report.py",
        "hashed_secret": "53265cfe176643be2d3f5029dd95f5609e3587cb",
        "is_verified": false,
        "line_number": 88
      },
      {
        "type": "Hex High Entropy String",
        "filename": "src/actions/get_report.py",
        "hashed_secret": "ac90d0bcae18fc54e9f2f5e1db02f71731886bc5",
        "is_verified": false,
        "line_number": 92
      },
      {
        "type": "Hex High Entropy String",
        "filename": "src/actions/get_report.py",
        "hashed_secret": "002d52eafb2a50dc5c1a1a25d60cc158593d0b9f",
        "is_verified": false,
        "line_number": 110
      }
    ],
    "src/actions/get_url_reputation.py": [
      {
        "type": "Hex High Entropy String",
        "filename": "src/actions/get_url_reputation.py",
        "hashed_secret": "9391bf5ab28079446aee6562f0c76861096ba98b",
        "is_verified": false,
        "line_number": 65
      }
    ]
  },
  "generated_at": "2026-09-18T11:13:18Z"
}
